npm error code ENOENT
npm error syscall open
npm error path E:\kenneth-brain\SOFTWARE_DEVELOP\elspa\frontend\package.json
npm error errno -4058
npm error enoent Could not read package.json: Error: ENOENT: no such file or directory, open 'E:\kenneth-brain\SOFTWARE_DEVELOP\elspa\frontend\package.json'
npm error enoent This is related to npm not being able to find a file.
npm error enoent
npm error A complete log of this run can be found in: C:\Users\jitne\AppData\Local\npm-cache\_logs\2026-05-13T01_52_10_363Z-debug-0.log
